Error at line 2: symbol 'a' has not been declared before this use!
