int sum() {
	int a;
	int b;
	a = 2;
	b = 3;
	c = a + b;
}

