Program
  List
    Function
      IdDecl ID="a"
      Opt
      Opt
