int n() {
	int a = 2;
	if (a == 2) {
		b = 3;
	}
}

