Program
  List
    Function
      IdDecl ID="n"
      Opt
      Opt
        List
          DeclareVar
            IdDecl ID="a"
            Opt
              Numeral NUMERAL="5"
          Return
            IdUse ID="a"
