int main(int y) {
    int x = 3;
    print(x, y);
}