REACHABILITY:

Function: main
this function is circular

