Error at line 3: expected type does not match
Error at line 3: symbol 'b' is not declared
