Error at line 2: symbol 'a' is not declared
Error at line 3: symbol 'b' is not declared
