Error at line 3: incorrectly using function as a variable
