Program
  List
    Function
      IdDecl ID="result"
      Opt
      List
        DeclareVar
          IdDecl ID="a"
          Opt
        DeclareVar
          IdDecl ID="b"
          Opt
        AssignVar
          IdDecl ID="a"
          Numeral NUMERAL="2"
        AssignVar
          IdDecl ID="b"
          Numeral NUMERAL="3"
        AssignVar
          IdDecl ID="c"
          Add
            IdUse ID="a"
            Mul
              IdUse ID="b"
              Numeral NUMERAL="2"
        AssignVar
          IdDecl ID="d"
          Add
            Mul
              Numeral NUMERAL="2"
              IdUse ID="a"
            IdUse ID="b"
