Program
  List
    Function
      IdDecl ID="m"
      List
      List
        AssignVar
          IdDecl ID="a"
          Numeral NUMERAL="2"
        AssignVar
          IdDecl ID="b"
          Numeral NUMERAL="3"
        AssignVar
          IdDecl ID="c"
          Div
            IdUse ID="a"
            IdUse ID="b"
