Program
  List
    Function
      IdDecl ID="b"
      List
      List
    Function
      IdDecl ID="c"
      List
      List
