Program
  List
    Function
      IdDecl ID="n"
      Opt
        List
          DeclareVar
            IdDecl ID="a"
            List
          DeclareVar
            IdDecl ID="b"
            List
          AssignVar
            IdDecl ID="c"
            Equal
              IdUse ID="a"
              IdUse ID="b"
