Program
  List
    Function
      IdDecl ID="n"
      Opt
        List
          DeclareVar
            IdDecl ID="a"
            Opt
          DeclareVar
            IdDecl ID="b"
            Opt
          AssignVar
            IdDecl ID="c"
            GreaterEqual
              IdUse ID="a"
              IdUse ID="b"
