Program
  List
    Function
      IdDecl ID="n"
      Opt
      Opt
        List
          DeclareVar
            IdDecl ID="a"
            Opt
              List
                Numeral NUMERAL="2"
          IfElse
            Equal
              IdUse ID="a"
              Numeral NUMERAL="2"
            List
              AssignVar
                IdDecl ID="b"
                Numeral NUMERAL="3"
            Opt
