Program
  List
    Function
      IdDecl ID="n"
      List
      List
        DeclareVar
          IdDecl ID="a"
          Opt
        DeclareVar
          IdDecl ID="b"
          Opt
        AssignVar
          IdDecl ID="c"
          LessEqual
            IdUse ID="a"
            IdUse ID="b"
