Program
  List
    Function
      IdDecl ID="product"
      List
      List
        DeclareVar
          IdDecl ID="a"
          Opt
        DeclareVar
          IdDecl ID="b"
          Opt
        AssignVar
          IdDecl ID="a"
          Numeral NUMERAL="2"
        AssignVar
          IdDecl ID="b"
          Numeral NUMERAL="3"
        AssignVar
          IdDecl ID="c"
          Mul
            IdUse ID="a"
            IdUse ID="b"
