Program
  List
    Function
      IdDecl ID="n"
      List
      List
        Return
          Numeral NUMERAL="5"
