Program
  List
    Function
      IdDecl ID="n"
      Opt
      Opt
        List
          AssignVar
            IdDecl ID="a"
            Numeral NUMERAL="0"
          IfElse
            Equal
              IdUse ID="b"
              Numeral NUMERAL="0"
            List
              Return
                IdUse ID="a"
            Opt
              List
                Return
                  Numeral NUMERAL="1"
          FunctionCallStmt
            FunctionCall
              IdDecl ID="function"
              Opt
                List
                  IdUse ID="a"
                  Mod
                    IdUse ID="b"
                    IdUse ID="a"
