Program
  List
    Function
      IdDecl ID="n"
      List
        DeclareVar
          IdDecl ID="x"
