Program
  List
    Function
      IdDecl ID="n"
      Opt
        List
          DeclareVar
            IdDecl ID="x"
            List
