Program
  List
    Function
      IdDecl ID="n"
      Opt
        List
          DeclareVar
            IdDecl ID="x"
            List
              Numeral NUMERAL="3"
          DeclareVar
            IdDecl ID="y"
            List
              Sub
                IdUse ID="x"
                Numeral NUMERAL="2"
