Program
  List
    Function
      IdDecl ID="a"
      List
        DeclareVar
          IdDecl ID="x"
        DeclareVar
          IdDecl ID="y"
