Program
  List
    Function
      IdDecl ID="a"
      ParamList
        List
      StmtBlock
        List
