Program
  List
    Function
      IdDecl ID="n"
      ParamList
        List
      List
        DeclareVar
          IdDecl ID="a"
          Opt
        DeclareVar
          IdDecl ID="b"
          Opt
        AssignVar
          IdUse ID="c"
          Less
            IdUse ID="a"
            IdUse ID="b"
