Program
  List
    Function
      IdDecl ID="product"
      ParamList
        List
      StmtBlock
        List
          DeclareVar
            IdDecl ID="a"
            Opt
          DeclareVar
            IdDecl ID="b"
            Opt
          AssignVar
            IdUse ID="a"
            Numeral NUMERAL="2"
          AssignVar
            IdUse ID="b"
            Numeral NUMERAL="3"
          AssignVar
            IdUse ID="c"
            Mul
              IdUse ID="a"
              IdUse ID="b"
