Program
  List
    Function
      IdDecl ID="main"
      ParamList
        List
      StmtBlock
        List
          DeclareVar
            IdDecl ID="a"
            Opt
              Neg
                Numeral NUMERAL="1"
          DeclareVar
            IdDecl ID="b"
            Opt
              Neg
                Numeral NUMERAL="2"
