Program
  List
    Function
      IdDecl ID="n"
      ParamList
        List
      StmtBlock
        List
          DeclareVar
            IdDecl ID="a"
            Opt
          DeclareVar
            IdDecl ID="b"
            Opt
          AssignVar
            IdUse ID="c"
            Not
              IdUse ID="a"
              IdUse ID="b"
