Program
  List
    Function
      IdDecl ID="n"
      ParamList
        List
      List
        AssignVar
          IdUse ID="a"
          Numeral NUMERAL="0"
        IfElse
          Equal
            IdUse ID="b"
            Numeral NUMERAL="0"
          List
            Return
              IdUse ID="a"
          Opt
            StmtBlock
              List
                Return
                  Numeral NUMERAL="1"
        Return
          FunctionCall
            IdUse ID="function"
            List
              IdUse ID="a"
              Mod
                IdUse ID="b"
                IdUse ID="a"
