Program
  List
    Function
      IdDecl ID="n"
      Opt
      Opt
        List
          Return
            Numeral NUMERAL="5"
