Program
  List
    Function
      IdDecl ID="a"
      Opt
      Opt
        List
          DeclareVar
            IdDecl ID="a"
            Opt
          DeclareVar
            IdDecl ID="b"
            Opt
          AssignVar
            IdDecl ID="a"
            Numeral NUMERAL="2"
          AssignVar
            IdDecl ID="b"
            Numeral NUMERAL="3"
