Program
  List
    Function
      IdDecl ID="a"
      ParamList
        List
      StmtBlock
        List
          DeclareVar
            IdDecl ID="x"
            Opt
          DeclareVar
            IdDecl ID="y"
            Opt
